components/UserUniverse.tsx(230,61): error TS2339: Property 'x' does not exist on type 'UniverseNode'.
components/UserUniverse.tsx(231,61): error TS2339: Property 'y' does not exist on type 'UniverseNode'.
components/UserUniverse.tsx(232,61): error TS2339: Property 'x' does not exist on type 'UniverseNode'.
components/UserUniverse.tsx(233,61): error TS2339: Property 'y' does not exist on type 'UniverseNode'.
components/UserUniverse.tsx(241,22): error TS2339: Property 'x' does not exist on type 'UniverseNode'.
components/UserUniverse.tsx(242,22): error TS2339: Property 'y' does not exist on type 'UniverseNode'.
